// Jest Snapshot v1, https://goo.gl/fbAQLP

exports[`Footer component renders a list of links 1`] = `
<div>
  <h3
    className="footer-links-title"
  >
    Menu
  </h3>
  <ul
    className="footer-links"
  >
    <li
      key="Link 1"
    >
      <a
        className="link-light"
        href="example.test"
      >
        Link 1
      </a>
    </li>
  </ul>
</div>
`;
