// Jest Snapshot v1, https://goo.gl/fbAQLP

exports[`Header component renders correctly 1`] = `
<section
  className="hero"
>
  <Canvas />
  <div
    className="container"
  >
    <div
      className="hero-wrapper"
    >
      <div
        className="hero-title"
      >
        Hi, I’m Ben Carr.
      </div>
      <div
        className="hero-subtitle"
      >
        I’m a full stack software developer.
      </div>
    </div>
  </div>
</section>
`;
